// Jest Snapshot v1, https://goo.gl/fbAQLP

exports[`Transition smoke/regression tests 1`] = `
ShallowWrapper {
  Symbol(enzyme.__root__): [Circular],
  Symbol(enzyme.__unrendered__): <Transition
    keys={[Function]}
    reset={false}
    unique={false}
  >
    <fakeChild />
  </Transition>,
  Symbol(enzyme.__renderer__): Object {
    "batchedUpdates": [Function],
    "getNode": [Function],
    "render": [Function],
    "simulateError": [Function],
    "simulateEvent": [Function],
    "unmount": [Function],
  },
  Symbol(enzyme.__node__): Object {
    "instance": null,
    "key": "0",
    "nodeType": "function",
    "props": Object {
      "children": [Function],
      "config": undefined,
      "delay": 0,
      "filter": [Function],
      "from": undefined,
      "onFrame": undefined,
      "onRest": undefined,
      "onStart": undefined,
      "primitive": [Function],
      "reset": false,
      "state": "enter",
      "states": Object {
        "enter": undefined,
      },
    },
    "ref": null,
    "rendered": [Function],
    "type": Object {
      "$$typeof": Symbol(react.forward_ref),
      "Spring": [Function],
      "Trail": [Function],
      "create": [Function],
      "render": [Function],
    },
  },
  Symbol(enzyme.__nodes__): Array [
    Object {
      "instance": null,
      "key": "0",
      "nodeType": "function",
      "props": Object {
        "children": [Function],
        "config": undefined,
        "delay": 0,
        "filter": [Function],
        "from": undefined,
        "onFrame": undefined,
        "onRest": undefined,
        "onStart": undefined,
        "primitive": [Function],
        "reset": false,
        "state": "enter",
        "states": Object {
          "enter": undefined,
        },
      },
      "ref": null,
      "rendered": [Function],
      "type": Object {
        "$$typeof": Symbol(react.forward_ref),
        "Spring": [Function],
        "Trail": [Function],
        "create": [Function],
        "render": [Function],
      },
    },
  ],
  Symbol(enzyme.__options__): Object {
    "adapter": ReactSixteenAdapter {
      "options": Object {
        "enableComponentDidUpdateOnSetState": true,
        "lifecycles": Object {
          "componentDidUpdate": Object {
            "onSetState": true,
          },
          "getDerivedStateFromProps": true,
          "getSnapshotBeforeUpdate": true,
          "setState": Object {
            "skipsComponentDidUpdateOnNullish": true,
          },
        },
      },
    },
  },
}
`;
